// Jest Snapshot v1, https://goo.gl/fbAQLP

exports[`renders correctly 1`] = `
<section
  data-component="general/contentblock"
  id="content block left"
>
  <div
    class="my-8 lg:mx-auto md:max-w-screen-lg theme-black bg-theme-bg"
  >
    <div
      class="section-grid grid grid-cols-2 md:grid-cols-12 px-m gap-s md:gap-s"
    >
      <div
        class="py-l col-span-12 col-start-0 md:col-span-10 md:col-start-2"
      >
        <div
          class="items-top font-sans  text-theme-text text-sm-m md:text-m font-bold mb-s"
        >
          <h2>
            This is a headline lorem ipsum dolor amit
          </h2>
        </div>
        <div
          class="text-theme-body text-body mb-s"
        >
          <div
            class="body-copy"
          >
            <div>
              Purus sit amet volutpat consequat mauris nunc congue nisi. Eget arcu dictum varius duis at consectetur. Mi proin sed libero enim sed faucibus turpis in. Feugiat vivamus at augue eget arcu dictum varius. Urna cursus eget nunc scelerisque viverra mauris in aliquam. Sem integer vitae justo eget magna fermentum.

              <br />
              

              <br />
              
Lorem ipsum dolor sit amet, consectetur adipiscing elit, sed do eiusmod tempor incididunt ut labore et dolore magna aliqua. Enim sed faucibus turpis in eu mi bibendum neque egestas. Pharetra diam sit amet nisl suscipit adipiscing. Mi tempus imperdiet nulla malesuada pellentesque. Duis at consectetur lorem donec massa sapien faucibus et molestie. Risus quis varius quam quisque id diam vel quam elementum.
            </div>
          </div>
        </div>
        <div
          class="flex-col mb-s flex items-start md:flex-row md:items-center md:space-x-4"
        >
          <a
            class="flex w-fit items-center whitespace-nowrap rounded-lg border-4 border-theme-btn-border bg-theme-btn-bg px-m py-[9px] font-sans text-button font-heavy text-theme-btn-text hover:border-theme-btn-border-hover hover:bg-theme-btn-bg-hover hover:text-theme-btn-text-hover disabled:border-gray disabled:text-gray mr-2 mb-m md:mb-0 mr-m"
            href="/"
            role="link"
            tabindex="0"
            title=""
          >
            Call to Action
            <span
              class="ml-xxs"
            />
          </a>
          <a
            class="flex w-fit items-center whitespace-nowrap font-sans text-text-link font-heavy text-theme-text hover:underline hover:decoration-secondary hover:underline-offset-8 disabled:border-gray disabled:text-gray ml-xs md:ml-0 px-s md:px-0"
            href="/"
            role="link"
            tabindex="0"
            title=""
          >
            Call to Action
            <span
              class="ml-xxs"
            />
          </a>
        </div>
      </div>
    </div>
  </div>
</section>
`;
