// Jest Snapshot v1, https://goo.gl/fbAQLP

exports[`renders correctly 1`] = `
<section
  data-component="general/stickybanner"
  id="id1695242607"
>
  <div
    class="my-8 w-full theme-white"
  >
    <div
      class="section-grid grid grid-cols-2 md:grid-cols-12 px-m gap-s md:gap-s"
    >
      <div
        class="theme-black fixed bottom-0 left-0 right-0 col-span-12 place-items-center bg-theme-bg"
      >
        <div
          class="grid-rows-auto grid grid-cols-2 place-items-center px-m ml:px-l lg:px-m ml:mx-auto ml:max-w-screen-lg min-h-[75px]  ml:grid-cols-12 ml:place-items-start my-s"
        >
          <div
            class="col-span-2 text-center ml:col-span-7 ml:text-left mb-m ml:mb-0 self-center"
          >
            <div
              class="items-top font-sans  text-white text-sm-m ml:text-m  font-heavy"
            >
              <h3>
                Sticky Banner Headline Text
              </h3>
              
            </div>
            <div
              class="text-white text-body font-regular mt-xxs"
            >
              <div
                class="body-copy"
              >
                <div>
                  Sticky Banner Body Copy Lorem Ipsum
                </div>
              </div>
            </div>
          </div>
          <div
            class="col-span-2 place-content-center ml:col-span-5 ml:place-self-end ml:self-center"
          >
            <div
              class="flex-col items-center font-heavy mb-0 gap-y-6 ml:gap-0 mb-s flex items-start md:flex-row md:items-center md:space-x-4"
            >
              <a
                class="flex w-fit items-center whitespace-nowrap rounded-lg border-4 border-theme-btn-border bg-theme-btn-bg px-m py-[9px] font-sans text-button font-heavy text-theme-btn-text hover:border-theme-btn-border-hover hover:bg-theme-btn-bg-hover hover:text-theme-btn-text-hover disabled:border-gray disabled:text-gray mr-0  mr-m"
                href="/"
                role="link"
                tabindex="0"
                target=""
                title=""
              >
                View More
                <span
                  class="ml-xxs"
                />
              </a>
              <a
                class="flex w-fit items-center whitespace-nowrap font-sans text-text-link font-heavy text-theme-text hover:underline hover:decoration-secondary hover:underline-offset-8 disabled:border-gray disabled:text-gray ml:ml-0 text-white"
                href="/"
                role="link"
                tabindex="0"
                target=""
                title=""
              >
                View More
                <span
                  class="ml-xxs"
                />
              </a>
            </div>
          </div>
          <button
            class="absolute top-3 right-3 text-white"
          >
            <span />
          </button>
        </div>
      </div>
    </div>
  </div>
</section>
`;
